../../convertool/bin/convertool ../../data/data_20240527.csv rinput.csv q!- 2021-01-01 2022-12-31 70 79 5 
version 2.0
Usage convertool input output whattodo(DVRW) firstdate(rrrr-mm-dd) lastdate(rrrr-mm-dd) [minage maxage everyn]
D=i-infection/x-covidproxy/h-hospitalization/l-longcovid/d-overalldeath/q-overalldeathnovacints
V=!-all variants/O-all Omicrons/E-O+Delta/x-variant x
R=-variants... --not discerned in InfPrior/a all discerned/g general discerned
W=i-intervals uded for variant determination/--not used

overall death es event
All variants as outcomes
Variants not discerned in InfPrior
Not using intervals of dominance
Input ../../data/data_20240527.csv
Number of InfPrior covariates: 10
Number of VaccStatusFull covariates: 3
Number of VaccStatusBoost covariates: 3
Number of VaccStatusSecBoost covariates: 3
Output rinput.csv
Date range 2021-01-01 - 2022-12-31

Only every 5th record.
minage=70 maxage=79
Writing to temporary_full.csv
Importing from input, total 10838282 records.
Processing records from input, excluding inconsistent records:
197672 individuals taken from the UZIS database
Omitting adding CZSO records.
Total 211975 unique records, after errors and censorint: 197672.
Not having particular shot: 0, 0, 0, 0, 0, 

Variants of infection found during study period

variant,infections,outcomes,discerned_in_condition,taken_as_outcome
NA,44549,0,0,1
Delta,3153,0,0,1
BA12,864,0,0,1
BA45,248,0,0,1
Omicron,1628,0,0,1
Alpha,406,0,0,1
Beta,0,0,0,1
Early,0,0,0,1
2023,0,0,0,1

Untracked variants (joinded into NA)
(empty)
JIN

Mode deathbyother
Age filter: 70-79

infprior,N,events
_uninfected,702188,9739
inf_NA_001-365,94804,4455
inf_NA_366-426,29572,139
inf_NA_427-487,20931,125
inf_NA_488-548,18764,142
inf_NA_549-609,19137,110
inf_NA_610-670,18858,108
inf_NA_671-731,14044,83
inf_NA_732-792,7289,37
inf_NA_793-853,2600,16
inf_NA_854+,225,0

vaccstatus,N,events
_unvaccinated,230183,6173
partial_001-730,169136,671
full_001-730,212039,3834
boost_001-730,258089,3993
secboost_001-730,58965,283

immunity,N,events
_noimmunity,191726,3328
_other,169156,671
full_001-730,161707,2803
boost_001-730,154641,2938
secboost_001-730,42122,209
inf_001-365,25163,2720
inf_366-426,3669,31
inf_427-487,2224,18
inf_488-548,1945,20
inf_549-609,1861,18
inf_610-670,1769,17
inf_671-731,1093,9
hybridfull_001-365,6752,568
hybridfull_366-426,1727,7
hybridboost_001-730,105792,491
hybridfull_001-730,41695,456
hybridboost_001-365,14197,636
inf_732-792,524,6
inf_793-853,189,6
hybridfull_427-487,145,0
hybridboost_366-426,298,2
hybridboost_427-487,4,0
hybridfull_488-548,6,0
hybridfull_549-609,4,0
hybridfull_610-670,3,0

dcci,N,events
4,66403,1756
1,221567,2463
5,36023,1180
3,115419,2280
_0,262860,2282
2,183788,2713
8,6781,419
6,20492,940
9,3231,241
7,11848,680

agegr,N,events
75-79,390406,8085
70-74,538006,6869

covs (immunity version)=28 (37), events=14954, eventspercov=534.089(553.87)
minage=70 maxage=79
Writing to rinput.csv
Importing from input, total 10838282 records.
Processing records from input, excluding inconsistent records:
197672 individuals taken from the UZIS database
Comparison with CZSO from 3th half-year
Adding women
Age,Total,Recorded,difference
70,70485,71400,-915
71,68020,67825,195
72,69070,66980,2090
73,71007,68660,2347
74,67504,70300,-2796
75,53880,66745,-12865
76,54893,53150,1743
77,51788,54085,-2297
78,44579,52020,-7441
79,41349,44565,-3216
Adding men
Age,Total,Recorded,difference
70,58107,59490,-1383
71,54823,58450,-3627
72,55338,55130,208
73,54916,55930,-1014
74,50513,54380,-3867
75,38310,51695,-13385
76,38674,37745,929
77,35711,38900,-3189
78,29985,36330,-6345
79,26830,31130,-4300
Added,Men,Women
0-11,0,0
12-15,0,0
16-17,0,0
18-24,0,0
25-29,0,0
30-34,0,0
35-39,0,0
_40-44,0,0
45-49,0,0
50-54,0,0
55-59,0,0
60-64,0,0
65-69,0,0
70-74,0,0
75-79,0,0
80+,0,0
Total 211975 unique records, after errors and censorint: 197672.
Not having particular shot: 0, 0, 0, 0, 0, 

Variants of infection found during study period

variant,infections,outcomes,discerned_in_condition,taken_as_outcome
NA,44549,0,0,1
Delta,3153,0,0,1
BA12,864,0,0,1
BA45,248,0,0,1
Omicron,1628,0,0,1
Alpha,406,0,0,1
Beta,0,0,0,1
Early,0,0,0,1
2023,0,0,0,1

Untracked variants (joinded into NA)
(empty)
JIN

Mode deathbyother
Age filter: 70-79

infprior,N,events
_uninfected,702188,9739
inf_NA_001-365,94804,4455
inf_NA_366-426,29572,139
inf_NA_427-487,20931,125
inf_NA_488-548,18764,142
inf_NA_549-609,19137,110
inf_NA_610-670,18858,108
inf_NA_671-731,14044,83
inf_NA_732-792,7289,37
inf_NA_793-853,2600,16

vaccstatus,N,events
_unvaccinated,230183,6173
partial_001-730,169136,671
full_001-730,212039,3834
boost_001-730,258089,3993
secboost_001-730,58965,283

immunity,N,events
_noimmunity,191726,3328
_other,169156,671
full_001-730,161707,2803
boost_001-730,154641,2938
secboost_001-730,42122,209
inf_001-365,25163,2720
inf_366-426,3669,31
inf_427-487,2224,18
inf_488-548,1945,20
inf_549-609,1861,18
inf_610-670,1769,17
inf_671-731,1093,9
hybridfull_001-365,6752,568
hybridfull_366-426,1727,7
hybridboost_001-730,105792,491
hybridfull_001-730,41695,456
hybridboost_001-365,14197,636
inf_732-792,524,6
inf_793-853,189,6
hybridboost_366-426,298,2

dcci,N,events
4,66403,1756
1,221567,2463
5,36023,1180
3,115419,2280
_0,262860,2282
2,183788,2713
8,6781,419
6,20492,940
9,3231,241
7,11848,680

agegr,N,events
75-79,390406,8085
70-74,538006,6869

covs (immunity version)=27 (32), events=14954, eventspercov=553.87(679.75)
time: 92 seconds.
